// Jest Snapshot v1, https://goo.gl/fbAQLP

exports[`FeedbackForm Should render correctly 1`] = `
<div
  class="loader"
>
  <div
    class="card"
  >
    <h2
      class="heading"
    >
      Leave your feedback
    </h2>
    <p
      class="paragraph"
    >
      Your feedback is very important for us!
    </p>
    <div>
      <div
        class="default"
      >
        <div
          class="label font"
        >
          Title
        </div>
        <div
          class="container"
        >
          <input
            class="value font"
            type="text"
            value=""
          />
        </div>
      </div>
    </div>
    <div>
      <div
        class="default"
      >
        <div
          class="label font"
        >
          Body
        </div>
        <div
          class="container"
        >
          <textarea
            class="value font"
            rows="1"
          />
        </div>
      </div>
    </div>
    <div>
      <button
        class="button primary button"
      >
        <span
          class="wrap"
        >
          <span
            class="text relative"
          >
            Send
          </span>
        </span>
      </button>
    </div>
  </div>
</div>
`;
