// Jest Snapshot v1, https://goo.gl/fbAQLP

exports[`LogoutButton User must became guest after click 1`] = `
Object {
  "appData": Object {
    "__typename": "AppData",
    "guest": true,
    Symbol(id): "$ROOT_QUERY.appData",
  },
  Symbol(id): "ROOT_QUERY",
}
`;
